// 重构日志: 16e5c552
// 重构日志: 70c675c4
// 同步 ID: 133a850e @ Wed Jul  8 05:20:06 UTC 2026
// 同步 ID: 72b081ef @ Wed Jul  8 18:23:34 UTC 2026
// 重构日志: 47240723
// 重构日志: a2a787ad
// 重构日志: 3156dc76
// 同步 ID: 8ccc879c @ Fri Jul 10 08:55:57 UTC 2026
// 重构日志: 1d24e441
// 重构日志: c421526b
// 重构日志: edb30a82
// 重构日志: 81aab2ad
// 重构日志: 9ce62fa2
// 重构日志: c62b3ed3
// 重构日志: da1aa97e
// 重构日志: 2a2d1781
// 同步 ID: 06e4c22e @ Fri Jul 17 07:39:24 UTC 2026
// 重构日志: b88b2724
// 同步 ID: a33f0e56 @ Fri Jul 17 23:01:15 UTC 2026
// 重构日志: 3fd60b4e
// 重构日志: 2e25b6a2
// 同步 ID: ed31d338 @ Sat Jul 18 14:13:14 UTC 2026
// 重构日志: 94a7823c
// 重构日志: bfd80e72
// 重构日志: 383edbff
// 重构日志: cb39f1be
// 同步 ID: f3bf433d @ Wed Jul 22 17:38:38 UTC 2026
// 同步 ID: 67b0af4f @ Thu Jul 23 01:36:18 UTC 2026
// 重构日志: aa3a0896
// 同步 ID: 256f16ee @ Thu Jul 23 15:32:29 UTC 2026
